#
# There is insufficient memory for the Java Runtime Environment to continue.
# Native memory allocation (malloc) failed to allocate 1048576 bytes. Error detail: AllocateHeap
# Possible reasons:
#   The system is out of physical RAM or swap space
#   This process is running with CompressedOops enabled, and the Java Heap may be blocking the growth of the native heap
# Possible solutions:
#   Reduce memory load on the system
#   Increase physical memory or swap space
#   Check if swap backing store is full
#   Decrease Java heap size (-Xmx/-Xms)
#   Decrease number of Java threads
#   Decrease Java thread stack sizes (-Xss)
#   Set larger code cache with -XX:ReservedCodeCacheSize=
#   JVM is running with Unscaled Compressed Oops mode in which the Java heap is
#     placed in the first 4GB address space. The Java Heap base address is the
#     maximum limit for the native heap growth. Please use -XX:HeapBaseMinAddress
#     to set the Java Heap base and to place the Java Heap above 4GB virtual address.
# This output file may be truncated or incomplete.
#
#  Out of Memory Error (allocation.cpp:44), pid=15712, tid=5812
#
# JRE version: OpenJDK Runtime Environment Temurin-21.0.8+9 (21.0.8+9) (build 21.0.8+9-LTS)
# Java VM: OpenJDK 64-Bit Server VM Temurin-21.0.8+9 (21.0.8+9-LTS, mixed mode, sharing, tiered, compressed oops, compressed class ptrs, parallel gc, windows-amd64)
# No core dump will be written. Minidumps are not enabled by default on client versions of Windows
#

---------------  S U M M A R Y ------------

Command Line: --add-modules=ALL-SYSTEM --add-opens=java.base/java.util=ALL-UNNAMED --add-opens=java.base/java.lang=ALL-UNNAMED --add-opens=java.base/sun.nio.fs=ALL-UNNAMED -Declipse.application=org.eclipse.jdt.ls.core.id1 -Dosgi.bundles.defaultStartLevel=4 -Declipse.product=org.eclipse.jdt.ls.core.product -Djava.import.generatesMetadataFilesAtProjectRoot=false -DDetectVMInstallationsJob.disabled=true -Dfile.encoding=utf8 -XX:+UseParallelGC -XX:GCTimeRatio=4 -XX:AdaptiveSizePolicyWeight=90 -Dsun.zip.disableMemoryMapping=true -Xmx2G -Xms100m -Xlog:disable -javaagent:c:\Users\Admin\.vscode\extensions\redhat.java-1.44.0-win32-x64\lombok\lombok-1.18.39-4050.jar -XX:+HeapDumpOnOutOfMemoryError -XX:HeapDumpPath=c:\Users\Admin\AppData\Roaming\Code\User\workspaceStorage\c66c9a980f523809c536e5763c96829e\redhat.java -Daether.dependencyCollector.impl=bf c:\Users\Admin\.vscode\extensions\redhat.java-1.44.0-win32-x64\server\plugins\org.eclipse.equinox.launcher_1.7.0.v20250519-0528.jar -configuration c:\Users\Admin\AppData\Roaming\Code\User\globalStorage\redhat.java\1.44.0\config_win -data c:\Users\Admin\AppData\Roaming\Code\User\workspaceStorage\c66c9a980f523809c536e5763c96829e\redhat.java\jdt_ws --pipe=\\.\pipe\lsp-0ad691bfce71389fd3ba67db8920c7aa-sock

Host: 11th Gen Intel(R) Core(TM) i5-1135G7 @ 2.40GHz, 8 cores, 7G,  Windows 11 , 64 bit Build 26100 (10.0.26100.4768)
Time: Sun Aug 17 17:53:09 2025 India Standard Time elapsed time: 27418.926573 seconds (0d 7h 36m 58s)

---------------  T H R E A D  ---------------

Current thread (0x0000021f3c687600):  JavaThread "Attach Listener" daemon [_thread_in_vm, id=5812, stack(0x0000002fa8400000,0x0000002fa8500000) (1024K)]

Stack: [0x0000002fa8400000,0x0000002fa8500000]
Native frames: (J=compiled Java code, j=interpreted, Vv=VM code, C=native code)
V  [jvm.dll+0x6d2449]
V  [jvm.dll+0x8ae341]
V  [jvm.dll+0x8b08be]
V  [jvm.dll+0x8b0fa3]
V  [jvm.dll+0x280c96]
V  [jvm.dll+0xc0347]
V  [jvm.dll+0x6d2cf9]
V  [jvm.dll+0x131116]
V  [jvm.dll+0x3f2d16]
V  [jvm.dll+0x857e6b]
V  [jvm.dll+0x6d0b0d]
C  [ucrtbase.dll+0x37b0]
C  [KERNEL32.DLL+0x2e8d7]
C  [ntdll.dll+0x3c34c]


---------------  P R O C E S S  ---------------

Threads class SMR info:
_java_thread_list=0x0000021f9d2017c0, length=38, elements={
0x0000021f3c70fea0, 0x0000021f3c7cb490, 0x0000021f3c7ce810, 0x0000021f3c686730,
0x0000021f3c687600, 0x0000021f3c689bc0, 0x0000021f3c6900c0, 0x0000021f3c69fec0,
0x0000021f3c6a5110, 0x0000021f95a4caa0, 0x0000021f95cd2f90, 0x0000021f9a75cdd0,
0x0000021f9a541aa0, 0x0000021f95a2abe0, 0x0000021f95a1c940, 0x0000021f9ad3a670,
0x0000021f9a3fda70, 0x0000021f9b0f94d0, 0x0000021f9b0fa1f0, 0x0000021f9b0f9b60,
0x0000021f9f6a89a0, 0x0000021f9f6aa3e0, 0x0000021f9f6a96c0, 0x0000021f9f6a9d50,
0x0000021f9f6aaa70, 0x0000021f9f6ab100, 0x0000021f9f6a7c80, 0x0000021f9f6acb40,
0x0000021f9f6ad860, 0x0000021f9f6adef0, 0x0000021f9f6aec10, 0x0000021f9f6ad1d0,
0x0000021f9a3c8f40, 0x0000021f9e0ba3b0, 0x0000021f9a3c6150, 0x0000021f9a3c9c60,
0x0000021f9a3cbd30, 0x0000021f9afcdba0
}

Java Threads: ( => current thread )
  0x0000021f3c70fea0 JavaThread "main"                              [_thread_blocked, id=29612, stack(0x0000002fa7d00000,0x0000002fa7e00000) (1024K)]
  0x0000021f3c7cb490 JavaThread "Reference Handler"          daemon [_thread_blocked, id=13472, stack(0x0000002fa8100000,0x0000002fa8200000) (1024K)]
  0x0000021f3c7ce810 JavaThread "Finalizer"                  daemon [_thread_blocked, id=4268, stack(0x0000002fa8200000,0x0000002fa8300000) (1024K)]
  0x0000021f3c686730 JavaThread "Signal Dispatcher"          daemon [_thread_blocked, id=10076, stack(0x0000002fa8300000,0x0000002fa8400000) (1024K)]
=>0x0000021f3c687600 JavaThread "Attach Listener"            daemon [_thread_in_vm, id=5812, stack(0x0000002fa8400000,0x0000002fa8500000) (1024K)]
  0x0000021f3c689bc0 JavaThread "Service Thread"             daemon [_thread_blocked, id=4340, stack(0x0000002fa8500000,0x0000002fa8600000) (1024K)]
  0x0000021f3c6900c0 JavaThread "Monitor Deflation Thread"   daemon [_thread_blocked, id=15280, stack(0x0000002fa8600000,0x0000002fa8700000) (1024K)]
  0x0000021f3c69fec0 JavaThread "C2 CompilerThread0"         daemon [_thread_blocked, id=23712, stack(0x0000002fa8700000,0x0000002fa8800000) (1024K)]
  0x0000021f3c6a5110 JavaThread "C1 CompilerThread0"         daemon [_thread_blocked, id=7148, stack(0x0000002fa8800000,0x0000002fa8900000) (1024K)]
  0x0000021f95a4caa0 JavaThread "Common-Cleaner"             daemon [_thread_blocked, id=28004, stack(0x0000002fa8900000,0x0000002fa8a00000) (1024K)]
  0x0000021f95cd2f90 JavaThread "Notification Thread"        daemon [_thread_blocked, id=5592, stack(0x0000002fa8a00000,0x0000002fa8b00000) (1024K)]
  0x0000021f9a75cdd0 JavaThread "Active Thread: Equinox Container: 7b5ce883-904c-46ab-96e9-9766ecadd12c"        [_thread_blocked, id=24632, stack(0x0000002fa8b00000,0x0000002fa8c00000) (1024K)]
  0x0000021f9a541aa0 JavaThread "Refresh Thread: Equinox Container: 7b5ce883-904c-46ab-96e9-9766ecadd12c" daemon [_thread_blocked, id=4484, stack(0x0000002fa9300000,0x0000002fa9400000) (1024K)]
  0x0000021f95a2abe0 JavaThread "Framework Event Dispatcher: Equinox Container: 7b5ce883-904c-46ab-96e9-9766ecadd12c" daemon [_thread_blocked, id=26944, stack(0x0000002fa9400000,0x0000002fa9500000) (1024K)]
  0x0000021f95a1c940 JavaThread "Start Level: Equinox Container: 7b5ce883-904c-46ab-96e9-9766ecadd12c" daemon [_thread_blocked, id=2664, stack(0x0000002fa9500000,0x0000002fa9600000) (1024K)]
  0x0000021f9ad3a670 JavaThread "Bundle File Closer"         daemon [_thread_blocked, id=21836, stack(0x0000002fa9600000,0x0000002fa9700000) (1024K)]
  0x0000021f9a3fda70 JavaThread "SCR Component Actor"        daemon [_thread_blocked, id=26284, stack(0x0000002fa7a00000,0x0000002fa7b00000) (1024K)]
  0x0000021f9b0f94d0 JavaThread "Worker-JM"                         [_thread_blocked, id=15796, stack(0x0000002fa9800000,0x0000002fa9900000) (1024K)]
  0x0000021f9b0fa1f0 JavaThread "JNA Cleaner"                daemon [_thread_blocked, id=1504, stack(0x0000002fa9a00000,0x0000002fa9b00000) (1024K)]
  0x0000021f9b0f9b60 JavaThread "Java indexing"              daemon [_thread_blocked, id=17272, stack(0x0000002faa000000,0x0000002faa100000) (1024K)]
  0x0000021f9f6a89a0 JavaThread "Thread-2"                   daemon [_thread_in_native, id=14440, stack(0x0000002faa500000,0x0000002faa600000) (1024K)]
  0x0000021f9f6aa3e0 JavaThread "Thread-3"                   daemon [_thread_in_native, id=16780, stack(0x0000002faa600000,0x0000002faa700000) (1024K)]
  0x0000021f9f6a96c0 JavaThread "Thread-4"                   daemon [_thread_in_native, id=22772, stack(0x0000002faa700000,0x0000002faa800000) (1024K)]
  0x0000021f9f6a9d50 JavaThread "Thread-5"                   daemon [_thread_in_native, id=30176, stack(0x0000002faa800000,0x0000002faa900000) (1024K)]
  0x0000021f9f6aaa70 JavaThread "Thread-6"                   daemon [_thread_in_native, id=14416, stack(0x0000002faa900000,0x0000002faaa00000) (1024K)]
  0x0000021f9f6ab100 JavaThread "Thread-7"                   daemon [_thread_in_native, id=3136, stack(0x0000002faaa00000,0x0000002faab00000) (1024K)]
  0x0000021f9f6a7c80 JavaThread "Thread-8"                   daemon [_thread_in_native, id=9260, stack(0x0000002faab00000,0x0000002faac00000) (1024K)]
  0x0000021f9f6acb40 JavaThread "Thread-9"                   daemon [_thread_in_native, id=24532, stack(0x0000002faac00000,0x0000002faad00000) (1024K)]
  0x0000021f9f6ad860 JavaThread "Thread-10"                  daemon [_thread_in_native, id=16100, stack(0x0000002faad00000,0x0000002faae00000) (1024K)]
  0x0000021f9f6adef0 JavaThread "pool-2-thread-1"                   [_thread_blocked, id=6096, stack(0x0000002faae00000,0x0000002faaf00000) (1024K)]
  0x0000021f9f6aec10 JavaThread "WorkspaceEventsHandler"            [_thread_blocked, id=1080, stack(0x0000002faaf00000,0x0000002fab000000) (1024K)]
  0x0000021f9f6ad1d0 JavaThread "pool-1-thread-1"                   [_thread_blocked, id=25596, stack(0x0000002fab000000,0x0000002fab100000) (1024K)]
  0x0000021f9a3c8f40 JavaThread "Cleaner-0"                  daemon [_thread_blocked, id=28304, stack(0x0000002fab500000,0x0000002fab600000) (1024K)]
  0x0000021f9e0ba3b0 JavaThread "Java Debug Server"          daemon [_thread_in_native, id=14824, stack(0x0000002fab600000,0x0000002fab700000) (1024K)]
  0x0000021f9a3c6150 JavaThread "RxSchedulerPurge-1"         daemon [_thread_blocked, id=14776, stack(0x0000002fab800000,0x0000002fab900000) (1024K)]
  0x0000021f9a3c9c60 JavaThread "RxCachedWorkerPoolEvictor-1" daemon [_thread_blocked, id=11832, stack(0x0000002fac600000,0x0000002fac700000) (1024K)]
  0x0000021f9a3cbd30 JavaThread "Worker-39"                         [_thread_blocked, id=12220, stack(0x0000002fab900000,0x0000002faba00000) (1024K)]
  0x0000021f9afcdba0 JavaThread "Worker-42"                         [_thread_blocked, id=20580, stack(0x0000002faa400000,0x0000002faa500000) (1024K)]
Total: 38

Other Threads:
  0x0000021f3c7b0d10 VMThread "VM Thread"                           [id=19952, stack(0x0000002fa8000000,0x0000002fa8100000) (1024K)]
  0x0000021f3c77bd70 WatcherThread "VM Periodic Task Thread"        [id=13348, stack(0x0000002fa7f00000,0x0000002fa8000000) (1024K)]
  0x0000021f3c72e810 WorkerThread "GC Thread#0"                     [id=23764, stack(0x0000002fa7e00000,0x0000002fa7f00000) (1024K)]
  0x0000021f9a5d3a50 WorkerThread "GC Thread#1"                     [id=19020, stack(0x0000002fa8c00000,0x0000002fa8d00000) (1024K)]
  0x0000021f9a5d3df0 WorkerThread "GC Thread#2"                     [id=8116, stack(0x0000002fa8d00000,0x0000002fa8e00000) (1024K)]
  0x0000021f9a5d4190 WorkerThread "GC Thread#3"                     [id=17788, stack(0x0000002fa8e00000,0x0000002fa8f00000) (1024K)]
  0x0000021f9a766850 WorkerThread "GC Thread#4"                     [id=10392, stack(0x0000002fa8f00000,0x0000002fa9000000) (1024K)]
  0x0000021f9a766bf0 WorkerThread "GC Thread#5"                     [id=16644, stack(0x0000002fa9000000,0x0000002fa9100000) (1024K)]
  0x0000021f9a7671a0 WorkerThread "GC Thread#6"                     [id=22956, stack(0x0000002fa9100000,0x0000002fa9200000) (1024K)]
  0x0000021f9a5410a0 WorkerThread "GC Thread#7"                     [id=1672, stack(0x0000002fa9200000,0x0000002fa9300000) (1024K)]
Total: 10

Threads with active compile tasks:
Total: 0

VM state: not at safepoint (normal execution)

VM Mutex/Monitor currently owned by a thread: None

Heap address: 0x0000000080000000, size: 2048 MB, Compressed Oops mode: 32-bit

CDS archive(s) mapped at: [0x0000021f53000000-0x0000021f53ba0000-0x0000021f53ba0000), size 12189696, SharedBaseAddress: 0x0000021f53000000, ArchiveRelocationMode: 1.
Compressed class space mapped at: 0x0000021f54000000-0x0000021f94000000, reserved size: 1073741824
Narrow klass base: 0x0000021f53000000, Narrow klass shift: 0, Narrow klass range: 0x100000000

GC Precious Log:
 CardTable entry size: 512
 CPUs: 8 total, 8 available
 Memory: 7834M
 Large Page Support: Disabled
 NUMA Support: Disabled
 Compressed Oops: Enabled (32-bit)
 Alignments: Space 512K, Generation 512K, Heap 2M
 Heap Min Capacity: 100M
 Heap Initial Capacity: 100M
 Heap Max Capacity: 2G
 Pre-touch: Disabled
 Parallel Workers: 8

Heap:
 PSYoungGen      total 2560K, used 1723K [0x00000000d5580000, 0x00000000d5900000, 0x0000000100000000)
  eden space 2048K, 76% used [0x00000000d5580000,0x00000000d5706eb0,0x00000000d5780000)
  from space 512K, 31% used [0x00000000d5880000,0x00000000d58a8000,0x00000000d5900000)
  to   space 512K, 0% used [0x00000000d5800000,0x00000000d5800000,0x00000000d5880000)
 ParOldGen       total 524800K, used 524749K [0x0000000080000000, 0x00000000a0080000, 0x00000000d5580000)
  object space 524800K, 99% used [0x0000000080000000,0x00000000a0073660,0x00000000a0080000)
 Metaspace       used 93493K, committed 94912K, reserved 1179648K
  class space    used 9180K, committed 9856K, reserved 1048576K

Card table byte_map: [0x0000021f3c0b0000,0x0000021f3c4c0000] _byte_map_base: 0x0000021f3bcb0000

Marking Bits: (ParMarkBitMap*) 0x00007ff82ff5a340
 Begin Bits: [0x0000021f4ebb0000, 0x0000021f50bb0000)
 End Bits:   [0x0000021f50bb0000, 0x0000021f52bb0000)

Polling page: 0x0000021f3a540000

Metaspace:

Usage:
  Non-class:     82.34 MB used.
      Class:      8.97 MB used.
       Both:     91.30 MB used.

Virtual space:
  Non-class space:      128.00 MB reserved,      83.06 MB ( 65%) committed,  2 nodes.
      Class space:        1.00 GB reserved,       9.62 MB ( <1%) committed,  1 nodes.
             Both:        1.12 GB reserved,      92.69 MB (  8%) committed. 

Chunk freelists:
   Non-Class:  12.69 MB
       Class:  6.42 MB
        Both:  19.11 MB

MaxMetaspaceSize: unlimited
CompressedClassSpaceSize: 1.00 GB
Initial GC threshold: 21.00 MB
Current GC threshold: 154.00 MB
CDS: on
 - commit_granule_bytes: 65536.
 - commit_granule_words: 8192.
 - virtual_space_node_default_size: 8388608.
 - enlarge_chunks_in_place: 1.
 - use_allocation_guard: 0.


Internal statistics:

num_allocs_failed_limit: 9.
num_arena_births: 1942.
num_arena_deaths: 502.
num_vsnodes_births: 3.
num_vsnodes_deaths: 0.
num_space_committed: 1483.
num_space_uncommitted: 0.
num_chunks_returned_to_freelist: 572.
num_chunks_taken_from_freelist: 6746.
num_chunk_merges: 147.
num_chunk_splits: 3870.
num_chunks_enlarged: 2133.
num_inconsistent_stats: 0.

CodeHeap 'non-profiled nmethods': size=120000Kb used=25698Kb max_used=26069Kb free=94301Kb
 bounds [0x0000021f473d0000, 0x0000021f48d60000, 0x0000021f4e900000]
CodeHeap 'profiled nmethods': size=120000Kb used=31439Kb max_used=50951Kb free=88560Kb
 bounds [0x0000021f3f900000, 0x0000021f42ad0000, 0x0000021f46e30000]
CodeHeap 'non-nmethods': size=5760Kb used=1547Kb max_used=1616Kb free=4212Kb
 bounds [0x0000021f46e30000, 0x0000021f470a0000, 0x0000021f473d0000]
CodeCache: size=245760Kb, used=58684Kb, max_used=78636Kb, free=187073Kb
 total_blobs=15003, nmethods=14146, adapters=757, full_count=0
Compilation: enabled, stopped_count=0, restarted_count=0

Compilation events (20 events):
Event: 21767.987 Thread 0x0000021f3c6a5110 29440   !   3       com.google.gson.Gson::assertFullConsumption (48 bytes)
Event: 21767.987 Thread 0x0000021f3c6a5110 nmethod 29440 0x0000021f415e1510 code [0x0000021f415e1720, 0x0000021f415e1c28]
Event: 21768.006 Thread 0x0000021f3c6a5110 29441       3       com.google.gson.Gson::fromJson (23 bytes)
Event: 21768.007 Thread 0x0000021f3c6a5110 nmethod 29441 0x0000021f3fbdf790 code [0x0000021f3fbdf9a0, 0x0000021f3fbdfe88]
Event: 21768.012 Thread 0x0000021f3c6a5110 29442       3       sun.nio.ch.IOStatus::okayToRetry (22 bytes)
Event: 21768.012 Thread 0x0000021f3c6a5110 nmethod 29442 0x0000021f40895610 code [0x0000021f408957a0, 0x0000021f40895920]
Event: 21771.350 Thread 0x0000021f3c69fec0 29443 %     4       java.lang.ProcessHandleImpl::descendants @ 123 (237 bytes)
Event: 21771.373 Thread 0x0000021f3c69fec0 nmethod 29443% 0x0000021f48873d10 code [0x0000021f48873f20, 0x0000021f488746d8]
Event: 21773.306 Thread 0x0000021f3c69fec0 29444 %     4       java.lang.ProcessHandleImpl::descendants @ 87 (237 bytes)
Event: 21773.319 Thread 0x0000021f3c69fec0 nmethod 29444% 0x0000021f47a89a90 code [0x0000021f47a89ca0, 0x0000021f47a8a560]
Event: 21774.576 Thread 0x0000021f3c69fec0 29445       4       java.lang.ProcessHandleImpl::descendants (237 bytes)
Event: 21774.595 Thread 0x0000021f3c69fec0 nmethod 29445 0x0000021f4834e590 code [0x0000021f4834e7c0, 0x0000021f4834f348]
Event: 21775.193 Thread 0x0000021f3c6a5110 29446       3       java.util.concurrent.atomic.AtomicReferenceArray::<init> (13 bytes)
Event: 21775.193 Thread 0x0000021f3c6a5110 nmethod 29446 0x0000021f40771090 code [0x0000021f40771240, 0x0000021f40771460]
Event: 21803.994 Thread 0x0000021f3c6a5110 29447       3       javax.xml.catalog.CatalogFeatures$Feature::values (10 bytes)
Event: 21803.994 Thread 0x0000021f3c6a5110 nmethod 29447 0x0000021f40ccbe10 code [0x0000021f40ccbfc0, 0x0000021f40ccc268]
Event: 21804.007 Thread 0x0000021f3c6a5110 29448       3       java.util.Properties::get (9 bytes)
Event: 21804.008 Thread 0x0000021f3c6a5110 nmethod 29448 0x0000021f41932190 code [0x0000021f41932340, 0x0000021f41932498]
Event: 21804.023 Thread 0x0000021f3c6a5110 29449       1       org.eclipse.core.internal.resources.LocalMetaArea::getWorkspace (5 bytes)
Event: 21804.024 Thread 0x0000021f3c6a5110 nmethod 29449 0x0000021f48406b10 code [0x0000021f48406ca0, 0x0000021f48406d68]

GC Heap History (20 events):
Event: 21762.331 GC heap before
{Heap before GC invocations=11269 (full 10):
 PSYoungGen      total 2048K, used 2036K [0x00000000d5580000, 0x00000000d5e00000, 0x0000000100000000)
  eden space 1536K, 99% used [0x00000000d5580000,0x00000000d56fffb0,0x00000000d5700000)
  from space 512K, 97% used [0x00000000d5a00000,0x00000000d5a7d1f8,0x00000000d5a80000)
  to   space 3072K, 0% used [0x00000000d5700000,0x00000000d5700000,0x00000000d5a00000)
 ParOldGen       total 516096K, used 515810K [0x0000000080000000, 0x000000009f800000, 0x00000000d5580000)
  object space 516096K, 99% used [0x0000000080000000,0x000000009f7b8a78,0x000000009f800000)
 Metaspace       used 93490K, committed 94912K, reserved 1179648K
  class space    used 9180K, committed 9856K, reserved 1048576K
}
Event: 21762.334 GC heap after
{Heap after GC invocations=11269 (full 10):
 PSYoungGen      total 3584K, used 1632K [0x00000000d5580000, 0x00000000d5b80000, 0x0000000100000000)
  eden space 1536K, 0% used [0x00000000d5580000,0x00000000d5580000,0x00000000d5700000)
  from space 2048K, 79% used [0x00000000d5700000,0x00000000d5898000,0x00000000d5900000)
  to   space 2048K, 0% used [0x00000000d5980000,0x00000000d5980000,0x00000000d5b80000)
 ParOldGen       total 516608K, used 516311K [0x0000000080000000, 0x000000009f880000, 0x00000000d5580000)
  object space 516608K, 99% used [0x0000000080000000,0x000000009f835c70,0x000000009f880000)
 Metaspace       used 93490K, committed 94912K, reserved 1179648K
  class space    used 9180K, committed 9856K, reserved 1048576K
}
Event: 21762.337 GC heap before
{Heap before GC invocations=11270 (full 10):
 PSYoungGen      total 3584K, used 3130K [0x00000000d5580000, 0x00000000d5b80000, 0x0000000100000000)
  eden space 1536K, 97% used [0x00000000d5580000,0x00000000d56f6878,0x00000000d5700000)
  from space 2048K, 79% used [0x00000000d5700000,0x00000000d5898000,0x00000000d5900000)
  to   space 2048K, 0% used [0x00000000d5980000,0x00000000d5980000,0x00000000d5b80000)
 ParOldGen       total 516608K, used 516311K [0x0000000080000000, 0x000000009f880000, 0x00000000d5580000)
  object space 516608K, 99% used [0x0000000080000000,0x000000009f835c70,0x000000009f880000)
 Metaspace       used 93490K, committed 94912K, reserved 1179648K
  class space    used 9180K, committed 9856K, reserved 1048576K
}
Event: 21762.339 GC heap after
{Heap after GC invocations=11270 (full 10):
 PSYoungGen      total 4096K, used 1542K [0x00000000d5580000, 0x00000000d5b80000, 0x0000000100000000)
  eden space 2048K, 0% used [0x00000000d5580000,0x00000000d5580000,0x00000000d5780000)
  from space 2048K, 75% used [0x00000000d5980000,0x00000000d5b01800,0x00000000d5b80000)
  to   space 2048K, 0% used [0x00000000d5780000,0x00000000d5780000,0x00000000d5980000)
 ParOldGen       total 518144K, used 517847K [0x0000000080000000, 0x000000009fa00000, 0x00000000d5580000)
  object space 518144K, 99% used [0x0000000080000000,0x000000009f9b5c70,0x000000009fa00000)
 Metaspace       used 93490K, committed 94912K, reserved 1179648K
  class space    used 9180K, committed 9856K, reserved 1048576K
}
Event: 21762.360 GC heap before
{Heap before GC invocations=11271 (full 10):
 PSYoungGen      total 4096K, used 3590K [0x00000000d5580000, 0x00000000d5b80000, 0x0000000100000000)
  eden space 2048K, 100% used [0x00000000d5580000,0x00000000d5780000,0x00000000d5780000)
  from space 2048K, 75% used [0x00000000d5980000,0x00000000d5b01800,0x00000000d5b80000)
  to   space 2048K, 0% used [0x00000000d5780000,0x00000000d5780000,0x00000000d5980000)
 ParOldGen       total 518144K, used 517847K [0x0000000080000000, 0x000000009fa00000, 0x00000000d5580000)
  object space 518144K, 99% used [0x0000000080000000,0x000000009f9b5c70,0x000000009fa00000)
 Metaspace       used 93490K, committed 94912K, reserved 1179648K
  class space    used 9180K, committed 9856K, reserved 1048576K
}
Event: 21762.363 GC heap after
{Heap after GC invocations=11271 (full 10):
 PSYoungGen      total 4096K, used 1718K [0x00000000d5580000, 0x00000000d5c00000, 0x0000000100000000)
  eden space 2048K, 0% used [0x00000000d5580000,0x00000000d5580000,0x00000000d5780000)
  from space 2048K, 83% used [0x00000000d5780000,0x00000000d592d9e0,0x00000000d5980000)
  to   space 2048K, 0% used [0x00000000d5a00000,0x00000000d5a00000,0x00000000d5c00000)
 ParOldGen       total 519680K, used 519199K [0x0000000080000000, 0x000000009fb80000, 0x00000000d5580000)
  object space 519680K, 99% used [0x0000000080000000,0x000000009fb07c70,0x000000009fb80000)
 Metaspace       used 93490K, committed 94912K, reserved 1179648K
  class space    used 9180K, committed 9856K, reserved 1048576K
}
Event: 21762.366 GC heap before
{Heap before GC invocations=11272 (full 10):
 PSYoungGen      total 4096K, used 3766K [0x00000000d5580000, 0x00000000d5c00000, 0x0000000100000000)
  eden space 2048K, 100% used [0x00000000d5580000,0x00000000d5780000,0x00000000d5780000)
  from space 2048K, 83% used [0x00000000d5780000,0x00000000d592d9e0,0x00000000d5980000)
  to   space 2048K, 0% used [0x00000000d5a00000,0x00000000d5a00000,0x00000000d5c00000)
 ParOldGen       total 519680K, used 519199K [0x0000000080000000, 0x000000009fb80000, 0x00000000d5580000)
  object space 519680K, 99% used [0x0000000080000000,0x000000009fb07c70,0x000000009fb80000)
 Metaspace       used 93490K, committed 94912K, reserved 1179648K
  class space    used 9180K, committed 9856K, reserved 1048576K
}
Event: 21762.369 GC heap after
{Heap after GC invocations=11272 (full 10):
 PSYoungGen      total 2560K, used 2048K [0x00000000d5580000, 0x00000000d6000000, 0x0000000100000000)
  eden space 512K, 0% used [0x00000000d5580000,0x00000000d5580000,0x00000000d5600000)
  from space 2048K, 100% used [0x00000000d5a00000,0x00000000d5c00000,0x00000000d5c00000)
  to   space 4096K, 0% used [0x00000000d5600000,0x00000000d5600000,0x00000000d5a00000)
 ParOldGen       total 521216K, used 520861K [0x0000000080000000, 0x000000009fd00000, 0x00000000d5580000)
  object space 521216K, 99% used [0x0000000080000000,0x000000009fca7650,0x000000009fd00000)
 Metaspace       used 93490K, committed 94912K, reserved 1179648K
  class space    used 9180K, committed 9856K, reserved 1048576K
}
Event: 21762.371 GC heap before
{Heap before GC invocations=11273 (full 10):
 PSYoungGen      total 2560K, used 2560K [0x00000000d5580000, 0x00000000d6000000, 0x0000000100000000)
  eden space 512K, 100% used [0x00000000d5580000,0x00000000d5600000,0x00000000d5600000)
  from space 2048K, 100% used [0x00000000d5a00000,0x00000000d5c00000,0x00000000d5c00000)
  to   space 4096K, 0% used [0x00000000d5600000,0x00000000d5600000,0x00000000d5a00000)
 ParOldGen       total 521216K, used 520861K [0x0000000080000000, 0x000000009fd00000, 0x00000000d5580000)
  object space 521216K, 99% used [0x0000000080000000,0x000000009fca7650,0x000000009fd00000)
 Metaspace       used 93490K, committed 94912K, reserved 1179648K
  class space    used 9180K, committed 9856K, reserved 1048576K
}
Event: 21762.373 GC heap after
{Heap after GC invocations=11273 (full 10):
 PSYoungGen      total 1536K, used 544K [0x00000000d5580000, 0x00000000d5a80000, 0x0000000100000000)
  eden space 512K, 0% used [0x00000000d5580000,0x00000000d5580000,0x00000000d5600000)
  from space 1024K, 53% used [0x00000000d5600000,0x00000000d5688000,0x00000000d5700000)
  to   space 2048K, 0% used [0x00000000d5880000,0x00000000d5880000,0x00000000d5a80000)
 ParOldGen       total 523264K, used 522901K [0x0000000080000000, 0x000000009ff00000, 0x00000000d5580000)
  object space 523264K, 99% used [0x0000000080000000,0x000000009fea5650,0x000000009ff00000)
 Metaspace       used 93490K, committed 94912K, reserved 1179648K
  class space    used 9180K, committed 9856K, reserved 1048576K
}
Event: 21762.375 GC heap before
{Heap before GC invocations=11274 (full 10):
 PSYoungGen      total 1536K, used 1055K [0x00000000d5580000, 0x00000000d5a80000, 0x0000000100000000)
  eden space 512K, 99% used [0x00000000d5580000,0x00000000d55ffff8,0x00000000d5600000)
  from space 1024K, 53% used [0x00000000d5600000,0x00000000d5688000,0x00000000d5700000)
  to   space 2048K, 0% used [0x00000000d5880000,0x00000000d5880000,0x00000000d5a80000)
 ParOldGen       total 523264K, used 522901K [0x0000000080000000, 0x000000009ff00000, 0x00000000d5580000)
  object space 523264K, 99% used [0x0000000080000000,0x000000009fea5650,0x000000009ff00000)
 Metaspace       used 93490K, committed 94912K, reserved 1179648K
  class space    used 9180K, committed 9856K, reserved 1048576K
}
Event: 21762.377 GC heap after
{Heap after GC invocations=11274 (full 10):
 PSYoungGen      total 2048K, used 532K [0x00000000d5580000, 0x00000000d5980000, 0x0000000100000000)
  eden space 1024K, 0% used [0x00000000d5580000,0x00000000d5580000,0x00000000d5680000)
  from space 1024K, 51% used [0x00000000d5880000,0x00000000d5905000,0x00000000d5980000)
  to   space 1024K, 0% used [0x00000000d5780000,0x00000000d5780000,0x00000000d5880000)
 ParOldGen       total 523776K, used 523421K [0x0000000080000000, 0x000000009ff80000, 0x00000000d5580000)
  object space 523776K, 99% used [0x0000000080000000,0x000000009ff27650,0x000000009ff80000)
 Metaspace       used 93490K, committed 94912K, reserved 1179648K
  class space    used 9180K, committed 9856K, reserved 1048576K
}
Event: 21762.400 GC heap before
{Heap before GC invocations=11275 (full 10):
 PSYoungGen      total 2048K, used 1556K [0x00000000d5580000, 0x00000000d5980000, 0x0000000100000000)
  eden space 1024K, 100% used [0x00000000d5580000,0x00000000d5680000,0x00000000d5680000)
  from space 1024K, 51% used [0x00000000d5880000,0x00000000d5905000,0x00000000d5980000)
  to   space 1024K, 0% used [0x00000000d5780000,0x00000000d5780000,0x00000000d5880000)
 ParOldGen       total 523776K, used 523421K [0x0000000080000000, 0x000000009ff80000, 0x00000000d5580000)
  object space 523776K, 99% used [0x0000000080000000,0x000000009ff27650,0x000000009ff80000)
 Metaspace       used 93490K, committed 94912K, reserved 1179648K
  class space    used 9180K, committed 9856K, reserved 1048576K
}
Event: 21762.401 GC heap after
{Heap after GC invocations=11275 (full 10):
 PSYoungGen      total 2560K, used 976K [0x00000000d5580000, 0x00000000d5a00000, 0x0000000100000000)
  eden space 1536K, 0% used [0x00000000d5580000,0x00000000d5580000,0x00000000d5700000)
  from space 1024K, 95% used [0x00000000d5780000,0x00000000d5874000,0x00000000d5880000)
  to   space 1536K, 0% used [0x00000000d5880000,0x00000000d5880000,0x00000000d5a00000)
 ParOldGen       total 523776K, used 523773K [0x0000000080000000, 0x000000009ff80000, 0x00000000d5580000)
  object space 523776K, 99% used [0x0000000080000000,0x000000009ff7f650,0x000000009ff80000)
 Metaspace       used 93490K, committed 94912K, reserved 1179648K
  class space    used 9180K, committed 9856K, reserved 1048576K
}
Event: 21767.392 GC heap before
{Heap before GC invocations=11276 (full 10):
 PSYoungGen      total 2560K, used 2511K [0x00000000d5580000, 0x00000000d5a00000, 0x0000000100000000)
  eden space 1536K, 99% used [0x00000000d5580000,0x00000000d56fffe0,0x00000000d5700000)
  from space 1024K, 95% used [0x00000000d5780000,0x00000000d5874000,0x00000000d5880000)
  to   space 1536K, 0% used [0x00000000d5880000,0x00000000d5880000,0x00000000d5a00000)
 ParOldGen       total 523776K, used 523773K [0x0000000080000000, 0x000000009ff80000, 0x00000000d5580000)
  object space 523776K, 99% used [0x0000000080000000,0x000000009ff7f650,0x000000009ff80000)
 Metaspace       used 93490K, committed 94912K, reserved 1179648K
  class space    used 9180K, committed 9856K, reserved 1048576K
}
Event: 21767.394 GC heap after
{Heap after GC invocations=11276 (full 10):
 PSYoungGen      total 2560K, used 224K [0x00000000d5580000, 0x00000000d5900000, 0x0000000100000000)
  eden space 2048K, 0% used [0x00000000d5580000,0x00000000d5580000,0x00000000d5780000)
  from space 512K, 43% used [0x00000000d5880000,0x00000000d58b8000,0x00000000d5900000)
  to   space 512K, 0% used [0x00000000d5800000,0x00000000d5800000,0x00000000d5880000)
 ParOldGen       total 524800K, used 524581K [0x0000000080000000, 0x00000000a0080000, 0x00000000d5580000)
  object space 524800K, 99% used [0x0000000080000000,0x00000000a0049650,0x00000000a0080000)
 Metaspace       used 93490K, committed 94912K, reserved 1179648K
  class space    used 9180K, committed 9856K, reserved 1048576K
}
Event: 21774.368 GC heap before
{Heap before GC invocations=11277 (full 10):
 PSYoungGen      total 2560K, used 2271K [0x00000000d5580000, 0x00000000d5900000, 0x0000000100000000)
  eden space 2048K, 99% used [0x00000000d5580000,0x00000000d577fe18,0x00000000d5780000)
  from space 512K, 43% used [0x00000000d5880000,0x00000000d58b8000,0x00000000d5900000)
  to   space 512K, 0% used [0x00000000d5800000,0x00000000d5800000,0x00000000d5880000)
 ParOldGen       total 524800K, used 524581K [0x0000000080000000, 0x00000000a0080000, 0x00000000d5580000)
  object space 524800K, 99% used [0x0000000080000000,0x00000000a0049650,0x00000000a0080000)
 Metaspace       used 93492K, committed 94912K, reserved 1179648K
  class space    used 9180K, committed 9856K, reserved 1048576K
}
Event: 21774.379 GC heap after
{Heap after GC invocations=11277 (full 10):
 PSYoungGen      total 2560K, used 336K [0x00000000d5580000, 0x00000000d5900000, 0x0000000100000000)
  eden space 2048K, 0% used [0x00000000d5580000,0x00000000d5580000,0x00000000d5780000)
  from space 512K, 65% used [0x00000000d5800000,0x00000000d5854030,0x00000000d5880000)
  to   space 512K, 0% used [0x00000000d5880000,0x00000000d5880000,0x00000000d5900000)
 ParOldGen       total 524800K, used 524717K [0x0000000080000000, 0x00000000a0080000, 0x00000000d5580000)
  object space 524800K, 99% used [0x0000000080000000,0x00000000a006b650,0x00000000a0080000)
 Metaspace       used 93492K, committed 94912K, reserved 1179648K
  class space    used 9180K, committed 9856K, reserved 1048576K
}
Event: 23190.955 GC heap before
{Heap before GC invocations=11278 (full 10):
 PSYoungGen      total 2560K, used 2384K [0x00000000d5580000, 0x00000000d5900000, 0x0000000100000000)
  eden space 2048K, 100% used [0x00000000d5580000,0x00000000d5780000,0x00000000d5780000)
  from space 512K, 65% used [0x00000000d5800000,0x00000000d5854030,0x00000000d5880000)
  to   space 512K, 0% used [0x00000000d5880000,0x00000000d5880000,0x00000000d5900000)
 ParOldGen       total 524800K, used 524717K [0x0000000080000000, 0x00000000a0080000, 0x00000000d5580000)
  object space 524800K, 99% used [0x0000000080000000,0x00000000a006b650,0x00000000a0080000)
 Metaspace       used 93493K, committed 94912K, reserved 1179648K
  class space    used 9180K, committed 9856K, reserved 1048576K
}
Event: 23191.100 GC heap after
{Heap after GC invocations=11278 (full 10):
 PSYoungGen      total 2560K, used 160K [0x00000000d5580000, 0x00000000d5900000, 0x0000000100000000)
  eden space 2048K, 0% used [0x00000000d5580000,0x00000000d5580000,0x00000000d5780000)
  from space 512K, 31% used [0x00000000d5880000,0x00000000d58a8000,0x00000000d5900000)
  to   space 512K, 0% used [0x00000000d5800000,0x00000000d5800000,0x00000000d5880000)
 ParOldGen       total 524800K, used 524749K [0x0000000080000000, 0x00000000a0080000, 0x00000000d5580000)
  object space 524800K, 99% used [0x0000000080000000,0x00000000a0073660,0x00000000a0080000)
 Metaspace       used 93493K, committed 94912K, reserved 1179648K
  class space    used 9180K, committed 9856K, reserved 1048576K
}

Dll operation events (12 events):
Event: 0.015 Loaded shared library c:\Users\Admin\.vscode\extensions\redhat.java-1.44.0-win32-x64\jre\21.0.8-win32-x86_64\bin\java.dll
Event: 0.104 Loaded shared library c:\Users\Admin\.vscode\extensions\redhat.java-1.44.0-win32-x64\jre\21.0.8-win32-x86_64\bin\zip.dll
Event: 0.128 Loaded shared library C:\Users\Admin\.vscode\extensions\redhat.java-1.44.0-win32-x64\jre\21.0.8-win32-x86_64\bin\instrument.dll
Event: 0.135 Loaded shared library C:\Users\Admin\.vscode\extensions\redhat.java-1.44.0-win32-x64\jre\21.0.8-win32-x86_64\bin\net.dll
Event: 0.137 Loaded shared library C:\Users\Admin\.vscode\extensions\redhat.java-1.44.0-win32-x64\jre\21.0.8-win32-x86_64\bin\nio.dll
Event: 0.142 Loaded shared library C:\Users\Admin\.vscode\extensions\redhat.java-1.44.0-win32-x64\jre\21.0.8-win32-x86_64\bin\zip.dll
Event: 0.164 Loaded shared library C:\Users\Admin\.vscode\extensions\redhat.java-1.44.0-win32-x64\jre\21.0.8-win32-x86_64\bin\jimage.dll
Event: 0.372 Loaded shared library c:\Users\Admin\.vscode\extensions\redhat.java-1.44.0-win32-x64\jre\21.0.8-win32-x86_64\bin\verify.dll
Event: 17.955 Loaded shared library C:\Users\Admin\AppData\Roaming\Code\User\globalStorage\redhat.java\1.44.0\config_win\org.eclipse.equinox.launcher\org.eclipse.equinox.launcher.win32.win32.x86_64_1.2.1400.v20250730-1736\eclipse_11913.dll
Event: 42.631 Loaded shared library C:\Users\Admin\AppData\Local\Temp\jna-63116079\jna13966632800253823246.dll
Event: 45.849 Loaded shared library C:\Users\Admin\.vscode\extensions\redhat.java-1.44.0-win32-x64\jre\21.0.8-win32-x86_64\bin\sunmscapi.dll
Event: 47.111 Loaded shared library C:\Users\Admin\.vscode\extensions\redhat.java-1.44.0-win32-x64\jre\21.0.8-win32-x86_64\bin\extnet.dll

Deoptimization events (20 events):
Event: 21747.607 Thread 0x0000021f9b0f9b60 Uncommon trap: trap_request=0xffffffde fr.pc=0x0000021f481d162c relative=0x000000000000008c
Event: 21747.607 Thread 0x0000021f9b0f9b60 Uncommon trap: reason=class_check action=maybe_recompile pc=0x0000021f481d162c method=java.util.Optional.ifPresent(Ljava/util/function/Consumer;)V @ 12 c2
Event: 21747.607 Thread 0x0000021f9b0f9b60 DEOPT PACKING pc=0x0000021f481d162c sp=0x0000002faa0fee80
Event: 21747.607 Thread 0x0000021f9b0f9b60 DEOPT UNPACKING pc=0x0000021f46e86da2 sp=0x0000002faa0fee08 mode 2
Event: 21747.610 Thread 0x0000021f9b0f9b60 Uncommon trap: trap_request=0xffffffde fr.pc=0x0000021f481d162c relative=0x000000000000008c
Event: 21747.610 Thread 0x0000021f9b0f9b60 Uncommon trap: reason=class_check action=maybe_recompile pc=0x0000021f481d162c method=java.util.Optional.ifPresent(Ljava/util/function/Consumer;)V @ 12 c2
Event: 21747.610 Thread 0x0000021f9b0f9b60 DEOPT PACKING pc=0x0000021f481d162c sp=0x0000002faa0fee80
Event: 21747.610 Thread 0x0000021f9b0f9b60 DEOPT UNPACKING pc=0x0000021f46e86da2 sp=0x0000002faa0fee08 mode 2
Event: 21749.191 Thread 0x0000021f9e0b68a0 DEOPT PACKING pc=0x0000021f41046f1a sp=0x0000002fa9cfe990
Event: 21749.191 Thread 0x0000021f9e0b68a0 DEOPT UNPACKING pc=0x0000021f46e878e2 sp=0x0000002fa9cfdde0 mode 0
Event: 21762.280 Thread 0x0000021f9f6aec10 Uncommon trap: trap_request=0xffffff45 fr.pc=0x0000021f47dc69d0 relative=0x00000000000003d0
Event: 21762.280 Thread 0x0000021f9f6aec10 Uncommon trap: reason=unstable_if action=reinterpret pc=0x0000021f47dc69d0 method=org.eclipse.jdt.internal.core.AbstractClassFile.equals(Ljava/lang/Object;)Z @ 28 c2
Event: 21762.280 Thread 0x0000021f9f6aec10 DEOPT PACKING pc=0x0000021f47dc69d0 sp=0x0000002faaffe5e0
Event: 21762.280 Thread 0x0000021f9f6aec10 DEOPT UNPACKING pc=0x0000021f46e86da2 sp=0x0000002faaffe578 mode 2
Event: 21762.285 Thread 0x0000021f9f6aec10 Uncommon trap: trap_request=0xfffffff4 fr.pc=0x0000021f47852710 relative=0x0000000000002230
Event: 21762.285 Thread 0x0000021f9f6aec10 Uncommon trap: reason=null_check action=make_not_entrant pc=0x0000021f47852710 method=java.lang.Class.reflectionData()Ljava/lang/Class$ReflectionData; @ 18 c2
Event: 21762.285 Thread 0x0000021f9f6aec10 DEOPT PACKING pc=0x0000021f47852710 sp=0x0000002faafff100
Event: 21762.285 Thread 0x0000021f9f6aec10 DEOPT UNPACKING pc=0x0000021f46e86da2 sp=0x0000002faaffeeb0 mode 2
Event: 21774.595 Thread 0x0000021f9e0b5b80 DEOPT PACKING pc=0x0000021f40c6b77a sp=0x0000002fabefe580
Event: 21774.595 Thread 0x0000021f9e0b5b80 DEOPT UNPACKING pc=0x0000021f46e878e2 sp=0x0000002fabefdab0 mode 0

Classes loaded (20 events):
Event: 21722.808 Loading class sun/security/provider/certpath/ResponderId$Type
Event: 21722.808 Loading class sun/security/provider/certpath/ResponderId$Type done
Event: 21722.810 Loading class sun/security/provider/certpath/OCSPResponse$SingleResponse
Event: 21722.811 Loading class sun/security/provider/certpath/OCSP$RevocationStatus
Event: 21722.811 Loading class sun/security/provider/certpath/OCSP$RevocationStatus done
Event: 21722.811 Loading class sun/security/provider/certpath/OCSPResponse$SingleResponse done
Event: 21722.811 Loading class sun/security/provider/certpath/CertId
Event: 21722.811 Loading class sun/security/provider/certpath/CertId done
Event: 21722.811 Loading class sun/security/provider/certpath/OCSP$RevocationStatus$CertStatus
Event: 21722.811 Loading class sun/security/provider/certpath/OCSP$RevocationStatus$CertStatus done
Event: 21722.873 Loading class sun/security/ssl/CertificateVerify$T13CertificateVerifyMessage
Event: 21722.873 Loading class sun/security/ssl/CertificateVerify$T13CertificateVerifyMessage done
Event: 21722.879 Loading class sun/security/ssl/SSLBasicKeyDerivation
Event: 21722.880 Loading class sun/security/ssl/SSLBasicKeyDerivation done
Event: 21722.881 Loading class sun/security/ssl/SSLBasicKeyDerivation$SecretSizeSpec
Event: 21722.881 Loading class sun/security/ssl/SSLBasicKeyDerivation$SecretSizeSpec done
Event: 21723.054 Loading class sun/security/ssl/PostHandshakeContext
Event: 21723.054 Loading class sun/security/ssl/PostHandshakeContext done
Event: 21723.055 Loading class sun/security/ssl/NewSessionTicket$T13NewSessionTicketMessage
Event: 21723.055 Loading class sun/security/ssl/NewSessionTicket$T13NewSessionTicketMessage done

Classes unloaded (20 events):
Event: 21600.202 Thread 0x0000021f3c7b0d10 Unloading class 0x0000021f5401e400 'java/lang/invoke/LambdaForm$MH+0x0000021f5401e400'
Event: 21600.202 Thread 0x0000021f3c7b0d10 Unloading class 0x0000021f54082400 'java/lang/invoke/LambdaForm$MH+0x0000021f54082400'
Event: 21600.202 Thread 0x0000021f3c7b0d10 Unloading class 0x0000021f5408ac00 'java/lang/invoke/LambdaForm$MH+0x0000021f5408ac00'
Event: 21600.202 Thread 0x0000021f3c7b0d10 Unloading class 0x0000021f5408c000 'java/lang/invoke/LambdaForm$MH+0x0000021f5408c000'
Event: 21600.202 Thread 0x0000021f3c7b0d10 Unloading class 0x0000021f540b5000 'java/lang/invoke/LambdaForm$MH+0x0000021f540b5000'
Event: 21600.202 Thread 0x0000021f3c7b0d10 Unloading class 0x0000021f54108800 'java/lang/invoke/LambdaForm$MH+0x0000021f54108800'
Event: 21600.202 Thread 0x0000021f3c7b0d10 Unloading class 0x0000021f54849000 'java/lang/invoke/LambdaForm$MH+0x0000021f54849000'
Event: 21600.202 Thread 0x0000021f3c7b0d10 Unloading class 0x0000021f54755400 'java/lang/invoke/LambdaForm$MH+0x0000021f54755400'
Event: 21600.202 Thread 0x0000021f3c7b0d10 Unloading class 0x0000021f54256c00 'java/lang/invoke/LambdaForm$MH+0x0000021f54256c00'
Event: 21600.203 Thread 0x0000021f3c7b0d10 Unloading class 0x0000021f54255400 'java/lang/invoke/LambdaForm$MH+0x0000021f54255400'
Event: 21600.203 Thread 0x0000021f3c7b0d10 Unloading class 0x0000021f54254800 'java/lang/invoke/LambdaForm$MH+0x0000021f54254800'
Event: 21600.203 Thread 0x0000021f3c7b0d10 Unloading class 0x0000021f54233c00 'java/lang/invoke/LambdaForm$MH+0x0000021f54233c00'
Event: 21600.203 Thread 0x0000021f3c7b0d10 Unloading class 0x0000021f54230400 'java/lang/invoke/LambdaForm$MH+0x0000021f54230400'
Event: 21600.203 Thread 0x0000021f3c7b0d10 Unloading class 0x0000021f54219400 'java/lang/invoke/LambdaForm$MH+0x0000021f54219400'
Event: 21600.204 Thread 0x0000021f3c7b0d10 Unloading class 0x0000021f54835800 'java/lang/invoke/LambdaForm$DMH+0x0000021f54835800'
Event: 21600.204 Thread 0x0000021f3c7b0d10 Unloading class 0x0000021f54835400 'java/lang/invoke/LambdaForm$DMH+0x0000021f54835400'
Event: 21600.204 Thread 0x0000021f3c7b0d10 Unloading class 0x0000021f547c4c00 'java/lang/invoke/LambdaForm$DMH+0x0000021f547c4c00'
Event: 21600.204 Thread 0x0000021f3c7b0d10 Unloading class 0x0000021f547c4800 'java/lang/invoke/LambdaForm$DMH+0x0000021f547c4800'
Event: 21600.204 Thread 0x0000021f3c7b0d10 Unloading class 0x0000021f547c4400 'java/lang/invoke/LambdaForm$DMH+0x0000021f547c4400'
Event: 21600.204 Thread 0x0000021f3c7b0d10 Unloading class 0x0000021f547c5000 'java/lang/invoke/LambdaForm$DMH+0x0000021f547c5000'

Classes redefined (0 events):
No events

Internal exceptions (20 events):
Event: 21745.605 Thread 0x0000021f9f6ad1d0 Exception <a 'java/lang/ArrayIndexOutOfBoundsException'{0x00000000d5ae58b0}> (0x00000000d5ae58b0) 
thrown [s\src\hotspot\share\runtime\sharedRuntime.cpp, line 625]
Event: 21745.605 Thread 0x0000021f9f6ad1d0 Exception <a 'java/lang/ArrayIndexOutOfBoundsException'{0x00000000d5ae5f18}> (0x00000000d5ae5f18) 
thrown [s\src\hotspot\share\runtime\sharedRuntime.cpp, line 625]
Event: 21745.605 Thread 0x0000021f9f6ad1d0 Exception <a 'java/lang/ArrayIndexOutOfBoundsException'{0x00000000d5ae62d0}> (0x00000000d5ae62d0) 
thrown [s\src\hotspot\share\runtime\sharedRuntime.cpp, line 625]
Event: 21746.467 Thread 0x0000021f9e0b7c50 Implicit null exception at 0x0000021f47cf69bb to 0x0000021f47cf8d7c
Event: 21747.256 Thread 0x0000021f9b0f9b60 Exception <a 'sun/nio/fs/WindowsException'{0x00000000d55d3250}> (0x00000000d55d3250) 
thrown [s\src\hotspot\share\prims\jni.cpp, line 520]
Event: 21747.277 Thread 0x0000021f9b0f9b60 Exception <a 'sun/nio/fs/WindowsException'{0x00000000d56fc860}> (0x00000000d56fc860) 
thrown [s\src\hotspot\share\prims\jni.cpp, line 520]
Event: 21747.387 Thread 0x0000021f9b0f9b60 Exception <a 'sun/nio/fs/WindowsException'{0x00000000d560b420}> (0x00000000d560b420) 
thrown [s\src\hotspot\share\prims\jni.cpp, line 520]
Event: 21748.781 Thread 0x0000021f9b0f9b60 Exception <a 'sun/nio/fs/WindowsException'{0x00000000d5602188}> (0x00000000d5602188) 
thrown [s\src\hotspot\share\prims\jni.cpp, line 520]
Event: 21748.868 Thread 0x0000021f9b0f9b60 Exception <a 'sun/nio/fs/WindowsException'{0x00000000d5718c08}> (0x00000000d5718c08) 
thrown [s\src\hotspot\share\prims\jni.cpp, line 520]
Event: 21748.975 Thread 0x0000021f9b0f9b60 Exception <a 'sun/nio/fs/WindowsException'{0x00000000d57609e8}> (0x00000000d57609e8) 
thrown [s\src\hotspot\share\prims\jni.cpp, line 520]
Event: 21762.285 Thread 0x0000021f9f6aec10 Implicit null exception at 0x0000021f47850bef to 0x0000021f478526d8
Event: 21762.300 Thread 0x0000021f9b0f9b60 Exception <a 'sun/nio/fs/WindowsException'{0x00000000d5726310}> (0x00000000d5726310) 
thrown [s\src\hotspot\share\prims\jni.cpp, line 520]
Event: 21762.317 Thread 0x0000021f9b0f9b60 Exception <a 'sun/nio/fs/WindowsException'{0x00000000d57e1de8}> (0x00000000d57e1de8) 
thrown [s\src\hotspot\share\prims\jni.cpp, line 520]
Event: 21762.396 Thread 0x0000021f9b0f9b60 Exception <a 'sun/nio/fs/WindowsException'{0x00000000d56688b8}> (0x00000000d56688b8) 
thrown [s\src\hotspot\share\prims\jni.cpp, line 520]
Event: 21767.957 Thread 0x0000021f9e0b68a0 Exception <a 'sun/nio/fs/WindowsException'{0x00000000d560adb8}> (0x00000000d560adb8) 
thrown [s\src\hotspot\share\prims\jni.cpp, line 520]
Event: 21767.958 Thread 0x0000021f9e0b68a0 Exception <a 'sun/nio/fs/WindowsException'{0x00000000d560b3e8}> (0x00000000d560b3e8) 
thrown [s\src\hotspot\share\prims\jni.cpp, line 520]
Event: 21767.959 Thread 0x0000021f9e0b68a0 Exception <a 'sun/nio/fs/WindowsException'{0x00000000d560c2b0}> (0x00000000d560c2b0) 
thrown [s\src\hotspot\share\prims\jni.cpp, line 520]
Event: 21767.959 Thread 0x0000021f9e0b68a0 Exception <a 'sun/nio/fs/WindowsException'{0x00000000d560cde0}> (0x00000000d560cde0) 
thrown [s\src\hotspot\share\prims\jni.cpp, line 520]
Event: 21767.961 Thread 0x0000021f9e0b68a0 Exception <a 'sun/nio/fs/WindowsException'{0x00000000d560e630}> (0x00000000d560e630) 
thrown [s\src\hotspot\share\prims\jni.cpp, line 520]
Event: 21767.961 Thread 0x0000021f9e0b68a0 Exception <a 'sun/nio/fs/WindowsException'{0x00000000d560ec60}> (0x00000000d560ec60) 
thrown [s\src\hotspot\share\prims\jni.cpp, line 520]

ZGC Phase Switch (0 events):
No events

VM Operations (20 events):
Event: 21851.650 Executing VM operation: RendezvousGCThreads
Event: 21851.650 Executing VM operation: RendezvousGCThreads done
Event: 22753.949 Executing VM operation: HandshakeAllThreads (HandshakeForDeflation)
Event: 22753.962 Executing VM operation: HandshakeAllThreads (HandshakeForDeflation) done
Event: 22753.962 Executing VM operation: RendezvousGCThreads
Event: 22753.963 Executing VM operation: RendezvousGCThreads done
Event: 23190.951 Executing VM operation: ParallelGCFailedAllocation (Allocation Failure)
Event: 23191.100 Executing VM operation: ParallelGCFailedAllocation (Allocation Failure) done
Event: 26147.315 Executing VM operation: HandshakeAllThreads (HandshakeForDeflation)
Event: 26147.325 Executing VM operation: HandshakeAllThreads (HandshakeForDeflation) done
Event: 26147.326 Executing VM operation: RendezvousGCThreads
Event: 26147.326 Executing VM operation: RendezvousGCThreads done
Event: 27049.216 Executing VM operation: HandshakeAllThreads (HandshakeForDeflation)
Event: 27049.231 Executing VM operation: HandshakeAllThreads (HandshakeForDeflation) done
Event: 27049.231 Executing VM operation: RendezvousGCThreads
Event: 27049.231 Executing VM operation: RendezvousGCThreads done
Event: 27109.259 Executing VM operation: HandshakeAllThreads (HandshakeForDeflation)
Event: 27109.262 Executing VM operation: HandshakeAllThreads (HandshakeForDeflation) done
Event: 27109.262 Executing VM operation: RendezvousGCThreads
Event: 27109.262 Executing VM operation: RendezvousGCThreads done

Memory protections (0 events):
No events

Nmethod flushes (20 events):
Event: 21601.234 Thread 0x0000021f3c7b0d10 flushing  nmethod 0x0000021f427c6a10
Event: 21601.234 Thread 0x0000021f3c7b0d10 flushing  nmethod 0x0000021f427e7310
Event: 21601.234 Thread 0x0000021f3c7b0d10 flushing  nmethod 0x0000021f42826590
Event: 21601.234 Thread 0x0000021f3c7b0d10 flushing  nmethod 0x0000021f42838910
Event: 21601.234 Thread 0x0000021f3c7b0d10 flushing  nmethod 0x0000021f4288d410
Event: 21601.234 Thread 0x0000021f3c7b0d10 flushing  nmethod 0x0000021f42898390
Event: 21601.234 Thread 0x0000021f3c7b0d10 flushing  nmethod 0x0000021f428b5c90
Event: 21601.235 Thread 0x0000021f3c7b0d10 flushing  nmethod 0x0000021f428cb410
Event: 21601.235 Thread 0x0000021f3c7b0d10 flushing  nmethod 0x0000021f428ec090
Event: 21601.235 Thread 0x0000021f3c7b0d10 flushing  nmethod 0x0000021f428ed090
Event: 21601.235 Thread 0x0000021f3c7b0d10 flushing  nmethod 0x0000021f428ee090
Event: 21601.235 Thread 0x0000021f3c7b0d10 flushing  nmethod 0x0000021f42909e10
Event: 21601.236 Thread 0x0000021f3c7b0d10 flushing  nmethod 0x0000021f4298ae10
Event: 21601.236 Thread 0x0000021f3c7b0d10 flushing  nmethod 0x0000021f429a4b10
Event: 21601.236 Thread 0x0000021f3c7b0d10 flushing  nmethod 0x0000021f429a4e10
Event: 21601.236 Thread 0x0000021f3c7b0d10 flushing  nmethod 0x0000021f429cbe90
Event: 21601.236 Thread 0x0000021f3c7b0d10 flushing  nmethod 0x0000021f429cc710
Event: 21601.236 Thread 0x0000021f3c7b0d10 flushing  nmethod 0x0000021f429d0b10
Event: 21601.236 Thread 0x0000021f3c7b0d10 flushing  nmethod 0x0000021f429d1610
Event: 21601.236 Thread 0x0000021f3c7b0d10 flushing  nmethod 0x0000021f42a7de90

Events (20 events):
Event: 21804.012 Thread 0x0000021f9e0b47d0 Thread exited: 0x0000021f9e0b47d0
Event: 21805.214 Thread 0x0000021f9e0b3ab0 Thread exited: 0x0000021f9e0b3ab0
Event: 21808.906 Thread 0x0000021f9afcc7f0 Thread exited: 0x0000021f9afcc7f0
Event: 21835.202 Thread 0x0000021f9e0b4e60 Thread exited: 0x0000021f9e0b4e60
Event: 21840.576 Thread 0x0000021f9e0b7c50 Thread exited: 0x0000021f9e0b7c50
Event: 21877.816 Thread 0x0000021f9a3c7500 Thread exited: 0x0000021f9a3c7500
Event: 21877.830 Thread 0x0000021f9a3cca50 Thread exited: 0x0000021f9a3cca50
Event: 21877.830 Thread 0x0000021f9afcce80 Thread exited: 0x0000021f9afcce80
Event: 21900.582 Thread 0x0000021f9e0b68a0 Thread exited: 0x0000021f9e0b68a0
Event: 21960.598 Thread 0x0000021f9e0b82e0 Thread exited: 0x0000021f9e0b82e0
Event: 21999.242 Thread 0x0000021f9e0b6f30 Thread exited: 0x0000021f9e0b6f30
Event: 21999.257 Thread 0x0000021f9a3c88b0 Thread exited: 0x0000021f9a3c88b0
Event: 22020.601 Thread 0x0000021f9e0b4140 Thread exited: 0x0000021f9e0b4140
Event: 22047.396 Thread 0x0000021f9a3c5430 Thread exited: 0x0000021f9a3c5430
Event: 22047.421 Thread 0x0000021f9a3c5ac0 Thread exited: 0x0000021f9a3c5ac0
Event: 22048.870 Thread 0x0000021f9a3c95d0 Thread exited: 0x0000021f9a3c95d0
Event: 22048.900 Thread 0x0000021f9a3c6e70 Thread exited: 0x0000021f9a3c6e70
Event: 22080.608 Thread 0x0000021f9e0bb0d0 Thread exited: 0x0000021f9e0bb0d0
Event: 22140.625 Thread 0x0000021f9a3cb010 Thread exited: 0x0000021f9a3cb010
Event: 22200.647 Thread 0x0000021f9e0b6210 Thread exited: 0x0000021f9e0b6210


Dynamic libraries:
0x00007ff771960000 - 0x00007ff77196e000 	c:\Users\Admin\.vscode\extensions\redhat.java-1.44.0-win32-x64\jre\21.0.8-win32-x86_64\bin\java.exe
0x00007ff8bf9e0000 - 0x00007ff8bfc47000 	C:\WINDOWS\SYSTEM32\ntdll.dll
0x00007ff8be5b0000 - 0x00007ff8be679000 	C:\WINDOWS\System32\KERNEL32.DLL
0x00007ff8bcd20000 - 0x00007ff8bd110000 	C:\WINDOWS\System32\KERNELBASE.dll
0x00007ff8bd120000 - 0x00007ff8bd26b000 	C:\WINDOWS\System32\ucrtbase.dll
0x00007ff8755a0000 - 0x00007ff8755be000 	c:\Users\Admin\.vscode\extensions\redhat.java-1.44.0-win32-x64\jre\21.0.8-win32-x86_64\bin\VCRUNTIME140.dll
0x00007ff87c620000 - 0x00007ff87c638000 	c:\Users\Admin\.vscode\extensions\redhat.java-1.44.0-win32-x64\jre\21.0.8-win32-x86_64\bin\jli.dll
0x00007ff8be3b0000 - 0x00007ff8be575000 	C:\WINDOWS\System32\USER32.dll
0x00007ff8bd570000 - 0x00007ff8bd597000 	C:\WINDOWS\System32\win32u.dll
0x00007ff89caf0000 - 0x00007ff89cd8a000 	C:\WINDOWS\WinSxS\amd64_microsoft.windows.common-controls_6595b64144ccf1df_6.0.26100.4768_none_3e0c112ce331287c\COMCTL32.dll
0x00007ff8be580000 - 0x00007ff8be5ab000 	C:\WINDOWS\System32\GDI32.dll
0x00007ff8bf330000 - 0x00007ff8bf3d9000 	C:\WINDOWS\System32\msvcrt.dll
0x00007ff8bd630000 - 0x00007ff8bd768000 	C:\WINDOWS\System32\gdi32full.dll
0x00007ff8bcb10000 - 0x00007ff8bcbb3000 	C:\WINDOWS\System32\msvcp_win.dll
0x00007ff8bd780000 - 0x00007ff8bd7af000 	C:\WINDOWS\System32\IMM32.DLL
0x00007ff883550000 - 0x00007ff88355c000 	c:\Users\Admin\.vscode\extensions\redhat.java-1.44.0-win32-x64\jre\21.0.8-win32-x86_64\bin\vcruntime140_1.dll
0x00007ff85df70000 - 0x00007ff85dffd000 	c:\Users\Admin\.vscode\extensions\redhat.java-1.44.0-win32-x64\jre\21.0.8-win32-x86_64\bin\msvcp140.dll
0x00007ff82f2a0000 - 0x00007ff830037000 	c:\Users\Admin\.vscode\extensions\redhat.java-1.44.0-win32-x64\jre\21.0.8-win32-x86_64\bin\server\jvm.dll
0x00007ff8bf490000 - 0x00007ff8bf544000 	C:\WINDOWS\System32\ADVAPI32.dll
0x00007ff8be710000 - 0x00007ff8be7b6000 	C:\WINDOWS\System32\sechost.dll
0x00007ff8bdee0000 - 0x00007ff8bdff8000 	C:\WINDOWS\System32\RPCRT4.dll
0x00007ff8bddc0000 - 0x00007ff8bde34000 	C:\WINDOWS\System32\WS2_32.dll
0x00007ff8bc970000 - 0x00007ff8bc9ce000 	C:\WINDOWS\SYSTEM32\POWRPROF.dll
0x00007ff8b1fc0000 - 0x00007ff8b1ff5000 	C:\WINDOWS\SYSTEM32\WINMM.dll
0x00007ff8ab740000 - 0x00007ff8ab74b000 	C:\WINDOWS\SYSTEM32\VERSION.dll
0x00007ff8bc950000 - 0x00007ff8bc964000 	C:\WINDOWS\SYSTEM32\UMPDC.dll
0x00007ff8bb890000 - 0x00007ff8bb8ab000 	C:\WINDOWS\SYSTEM32\kernel.appcore.dll
0x00007ff8827e0000 - 0x00007ff8827ea000 	c:\Users\Admin\.vscode\extensions\redhat.java-1.44.0-win32-x64\jre\21.0.8-win32-x86_64\bin\jimage.dll
0x00007ff8ba310000 - 0x00007ff8ba551000 	C:\WINDOWS\SYSTEM32\DBGHELP.DLL
0x00007ff8bef90000 - 0x00007ff8bf315000 	C:\WINDOWS\System32\combase.dll
0x00007ff8bf550000 - 0x00007ff8bf630000 	C:\WINDOWS\System32\OLEAUT32.dll
0x00007ff89b7f0000 - 0x00007ff89b833000 	C:\WINDOWS\SYSTEM32\dbgcore.DLL
0x00007ff8bcbc0000 - 0x00007ff8bcc59000 	C:\WINDOWS\System32\bcryptPrimitives.dll
0x00007ff882680000 - 0x00007ff88268f000 	c:\Users\Admin\.vscode\extensions\redhat.java-1.44.0-win32-x64\jre\21.0.8-win32-x86_64\bin\instrument.dll
0x00007ff85df50000 - 0x00007ff85df6f000 	c:\Users\Admin\.vscode\extensions\redhat.java-1.44.0-win32-x64\jre\21.0.8-win32-x86_64\bin\java.dll
0x00007ff8be840000 - 0x00007ff8bef8d000 	C:\WINDOWS\System32\SHELL32.dll
0x00007ff8bd3f0000 - 0x00007ff8bd563000 	C:\WINDOWS\System32\wintypes.dll
0x00007ff8ba560000 - 0x00007ff8badc0000 	C:\WINDOWS\SYSTEM32\windows.storage.dll
0x00007ff8be000000 - 0x00007ff8be0f5000 	C:\WINDOWS\System32\SHCORE.dll
0x00007ff8bde70000 - 0x00007ff8bdeda000 	C:\WINDOWS\System32\shlwapi.dll
0x00007ff8bca30000 - 0x00007ff8bca59000 	C:\WINDOWS\SYSTEM32\profapi.dll
0x00007ff85df30000 - 0x00007ff85df48000 	c:\Users\Admin\.vscode\extensions\redhat.java-1.44.0-win32-x64\jre\21.0.8-win32-x86_64\bin\zip.dll
0x00007ff881d50000 - 0x00007ff881d60000 	C:\Users\Admin\.vscode\extensions\redhat.java-1.44.0-win32-x64\jre\21.0.8-win32-x86_64\bin\net.dll
0x00007ff8ad370000 - 0x00007ff8ad48e000 	C:\WINDOWS\SYSTEM32\WINHTTP.dll
0x00007ff8bbe20000 - 0x00007ff8bbe8b000 	C:\WINDOWS\system32\mswsock.dll
0x00007ff85df10000 - 0x00007ff85df26000 	C:\Users\Admin\.vscode\extensions\redhat.java-1.44.0-win32-x64\jre\21.0.8-win32-x86_64\bin\nio.dll
0x00007ff8813e0000 - 0x00007ff8813f0000 	c:\Users\Admin\.vscode\extensions\redhat.java-1.44.0-win32-x64\jre\21.0.8-win32-x86_64\bin\verify.dll
0x00007ff85de70000 - 0x00007ff85deb5000 	C:\Users\Admin\AppData\Roaming\Code\User\globalStorage\redhat.java\1.44.0\config_win\org.eclipse.equinox.launcher\org.eclipse.equinox.launcher.win32.win32.x86_64_1.2.1400.v20250730-1736\eclipse_11913.dll
0x00007ff8be100000 - 0x00007ff8be2a0000 	C:\WINDOWS\System32\ole32.dll
0x00007ff8bc0e0000 - 0x00007ff8bc0fb000 	C:\WINDOWS\SYSTEM32\CRYPTSP.dll
0x00007ff8bb7f0000 - 0x00007ff8bb82b000 	C:\WINDOWS\system32\rsaenh.dll
0x00007ff8bbec0000 - 0x00007ff8bbeeb000 	C:\WINDOWS\SYSTEM32\USERENV.dll
0x00007ff8bca00000 - 0x00007ff8bca26000 	C:\WINDOWS\SYSTEM32\bcrypt.dll
0x00007ff8bc100000 - 0x00007ff8bc10c000 	C:\WINDOWS\SYSTEM32\CRYPTBASE.dll
0x00007ff8bb2b0000 - 0x00007ff8bb2e3000 	C:\WINDOWS\SYSTEM32\IPHLPAPI.DLL
0x00007ff8bd770000 - 0x00007ff8bd77a000 	C:\WINDOWS\System32\NSI.dll
0x00007ff841e30000 - 0x00007ff841e79000 	C:\Users\Admin\AppData\Local\Temp\jna-63116079\jna13966632800253823246.dll
0x00007ff8bddb0000 - 0x00007ff8bddb8000 	C:\WINDOWS\System32\PSAPI.DLL
0x00007ff8b3e40000 - 0x00007ff8b3e5f000 	C:\WINDOWS\SYSTEM32\dhcpcsvc6.DLL
0x00007ff8b3e10000 - 0x00007ff8b3e35000 	C:\WINDOWS\SYSTEM32\dhcpcsvc.DLL
0x00007ff885690000 - 0x00007ff88569e000 	C:\Users\Admin\.vscode\extensions\redhat.java-1.44.0-win32-x64\jre\21.0.8-win32-x86_64\bin\sunmscapi.dll
0x00007ff8bd270000 - 0x00007ff8bd3e7000 	C:\WINDOWS\System32\CRYPT32.dll
0x00007ff8bc300000 - 0x00007ff8bc330000 	C:\WINDOWS\SYSTEM32\ncrypt.dll
0x00007ff8bc2b0000 - 0x00007ff8bc2ef000 	C:\WINDOWS\SYSTEM32\NTASN1.dll
0x00007ff8bb370000 - 0x00007ff8bb496000 	C:\WINDOWS\SYSTEM32\DNSAPI.dll
0x00007ff8ac0c0000 - 0x00007ff8ac0cb000 	C:\Windows\System32\rasadhlp.dll
0x00007ff8b4050000 - 0x00007ff8b40d6000 	C:\WINDOWS\System32\fwpuclnt.dll
0x00007ff8820b0000 - 0x00007ff8820b9000 	C:\Users\Admin\.vscode\extensions\redhat.java-1.44.0-win32-x64\jre\21.0.8-win32-x86_64\bin\extnet.dll

JVMTI agents:
c:\Users\Admin\.vscode\extensions\redhat.java-1.44.0-win32-x64\lombok\lombok-1.18.39-4050.jar path:c:\Users\Admin\.vscode\extensions\redhat.java-1.44.0-win32-x64\jre\21.0.8-win32-x86_64\bin\instrument.dll, loaded, initialized, instrumentlib options:none

dbghelp: loaded successfully - version: 4.0.5 - missing functions: none
symbol engine: initialized successfully - sym options: 0x614 - pdb path: .;c:\Users\Admin\.vscode\extensions\redhat.java-1.44.0-win32-x64\jre\21.0.8-win32-x86_64\bin;C:\WINDOWS\SYSTEM32;C:\WINDOWS\WinSxS\amd64_microsoft.windows.common-controls_6595b64144ccf1df_6.0.26100.4768_none_3e0c112ce331287c;c:\Users\Admin\.vscode\extensions\redhat.java-1.44.0-win32-x64\jre\21.0.8-win32-x86_64\bin\server;C:\Users\Admin\AppData\Roaming\Code\User\globalStorage\redhat.java\1.44.0\config_win\org.eclipse.equinox.launcher\org.eclipse.equinox.launcher.win32.win32.x86_64_1.2.1400.v20250730-1736;C:\Users\Admin\AppData\Local\Temp\jna-63116079

VM Arguments:
jvm_args: --add-modules=ALL-SYSTEM --add-opens=java.base/java.util=ALL-UNNAMED --add-opens=java.base/java.lang=ALL-UNNAMED --add-opens=java.base/sun.nio.fs=ALL-UNNAMED -Declipse.application=org.eclipse.jdt.ls.core.id1 -Dosgi.bundles.defaultStartLevel=4 -Declipse.product=org.eclipse.jdt.ls.core.product -Djava.import.generatesMetadataFilesAtProjectRoot=false -DDetectVMInstallationsJob.disabled=true -Dfile.encoding=utf8 -XX:+UseParallelGC -XX:GCTimeRatio=4 -XX:AdaptiveSizePolicyWeight=90 -Dsun.zip.disableMemoryMapping=true -Xmx2G -Xms100m -Xlog:disable -javaagent:c:\Users\Admin\.vscode\extensions\redhat.java-1.44.0-win32-x64\lombok\lombok-1.18.39-4050.jar -XX:+HeapDumpOnOutOfMemoryError -XX:HeapDumpPath=c:\Users\Admin\AppData\Roaming\Code\User\workspaceStorage\c66c9a980f523809c536e5763c96829e\redhat.java -Daether.dependencyCollector.impl=bf 
java_command: c:\Users\Admin\.vscode\extensions\redhat.java-1.44.0-win32-x64\server\plugins\org.eclipse.equinox.launcher_1.7.0.v20250519-0528.jar -configuration c:\Users\Admin\AppData\Roaming\Code\User\globalStorage\redhat.java\1.44.0\config_win -data c:\Users\Admin\AppData\Roaming\Code\User\workspaceStorage\c66c9a980f523809c536e5763c96829e\redhat.java\jdt_ws --pipe=\\.\pipe\lsp-0ad691bfce71389fd3ba67db8920c7aa-sock
java_class_path (initial): c:\Users\Admin\.vscode\extensions\redhat.java-1.44.0-win32-x64\server\plugins\org.eclipse.equinox.launcher_1.7.0.v20250519-0528.jar
Launcher Type: SUN_STANDARD

[Global flags]
    uintx AdaptiveSizePolicyWeight                 = 90                                        {product} {command line}
     intx CICompilerCount                          = 4                                         {product} {ergonomic}
    uintx GCTimeRatio                              = 4                                         {product} {command line}
     bool HeapDumpOnOutOfMemoryError               = true                                   {manageable} {command line}
    ccstr HeapDumpPath                             = c:\Users\Admin\AppData\Roaming\Code\User\workspaceStorage\c66c9a980f523809c536e5763c96829e\redhat.java         {manageable} {command line}
   size_t InitialHeapSize                          = 104857600                                 {product} {command line}
   size_t MaxHeapSize                              = 2147483648                                {product} {command line}
   size_t MaxNewSize                               = 715653120                                 {product} {ergonomic}
   size_t MinHeapDeltaBytes                        = 524288                                    {product} {ergonomic}
   size_t MinHeapSize                              = 104857600                                 {product} {command line}
   size_t NewSize                                  = 34603008                                  {product} {ergonomic}
    uintx NonNMethodCodeHeapSize                   = 5839372                                {pd product} {ergonomic}
    uintx NonProfiledCodeHeapSize                  = 122909434                              {pd product} {ergonomic}
   size_t OldSize                                  = 70254592                                  {product} {ergonomic}
    uintx ProfiledCodeHeapSize                     = 122909434                              {pd product} {ergonomic}
    uintx ReservedCodeCacheSize                    = 251658240                              {pd product} {ergonomic}
     bool SegmentedCodeCache                       = true                                      {product} {ergonomic}
   size_t SoftMaxHeapSize                          = 2147483648                             {manageable} {ergonomic}
     bool UseCompressedOops                        = true                           {product lp64_product} {ergonomic}
     bool UseLargePagesIndividualAllocation        = false                                  {pd product} {ergonomic}
     bool UseParallelGC                            = true                                      {product} {command line}

Logging:
Log output configuration:
 #0: stdout all=off uptime,level,tags foldmultilines=false
 #1: stderr all=off uptime,level,tags foldmultilines=false

Environment Variables:
JAVA_HOME=C:\Program Files\Java\jdk-21
PATH=C:\Program Files\Common Files\Oracle\Java\javapath;C:\WINDOWS\system32;C:\WINDOWS;C:\WINDOWS\System32\Wbem;C:\WINDOWS\System32\WindowsPowerShell\v1.0\;C:\WINDOWS\System32\OpenSSH\;C:\Users\Admin\Documents\gradle-8.7\bin;C:\Users\Admin\Documents\apache-maven-3.8.8\bin;C:\Users\Admin\Documents\apache-ant-1.10.14\bin;C:\Program Files\Java\jdk-21\bin;C:\ProgramData\chocolatey\bin;C:\Program Files\nodejs\;C:\Program Files\Git\cmd;C:\Program Files\Kubernetes\Minikube;C:\Users\Admin\AppData\Local\Programs\Python\Python311\Scripts\;C:\Users\Admin\AppData\Local\Programs\Python\Python311\;C:\Users\Admin\anaconda3;C:\Users\Admin\anaconda3\Library\mingw-w64\bin;C:\Users\Admin\anaconda3\Library\usr\bin;C:\Users\Admin\anaconda3\Library\bin;C:\Users\Admin\anaconda3\Scripts;C:\Users\Admin\AppData\Local\Programs\Python\Python313\Scripts\;C:\Users\Admin\AppData\Local\Programs\Python\Python313\;C:\Program Files\MySQL\MySQL Shell 8.0\bin\;C:\Users\Admin\.cargo\bin;C:\Users\Admin\AppData\Local\Microsoft\WindowsApps;C:\Program Files\JetBrains\IntelliJ IDEA 2024.3.2.1\bin;;C:\MinGW\bin;public class StringParsingExample {;C:\Program Files\gradle-8.7-bin\gradle-8.7\bin;C:\Program Files\Java\jdk-21\bin;C:\Program Files\JetBrains\PyCharm Community Edition 2025.1.2\bin;;D:\ffmpeg-master-latest-win64-gpl;C:\Users\Admin\AppData\Roaming\npm;C:\Users\Admin\AppData\Local\Programs\mongosh\;C:\Program Files\JetBrains\PyCharm 2024.3.3\bin;;C:\Program Files\IBM\Cloud\bin;C:\Program Files\maven-mvnd-2.0.0-rc-3-windows-amd64\mvn\bin;C:\Users\Admin\AppData\Local\Programs\Microsoft VS Code\bin;C:\Program Files\JetBrains\IntelliJ IDEA Community Edition 2025.2\bin
USERNAME=Admin
OS=Windows_NT
PROCESSOR_IDENTIFIER=Intel64 Family 6 Model 140 Stepping 1, GenuineIntel
TMP=C:\Users\Admin\AppData\Local\Temp
TEMP=C:\Users\Admin\AppData\Local\Temp




Periodic native trim disabled

---------------  S Y S T E M  ---------------

OS:
 Windows 11 , 64 bit Build 26100 (10.0.26100.4768)
OS uptime: 3 days 0:32 hours
Hyper-V role detected

CPU: total 8 (initial active 8) (4 cores per cpu, 2 threads per core) family 6 model 140 stepping 1 microcode 0xb4, cx8, cmov, fxsr, ht, mmx, 3dnowpref, sse, sse2, sse3, ssse3, sse4.1, sse4.2, popcnt, lzcnt, tsc, tscinvbit, avx, avx2, aes, erms, clmul, bmi1, bmi2, adx, avx512f, avx512dq, avx512cd, avx512bw, avx512vl, sha, fma, vzeroupper, avx512_vpopcntdq, avx512_vpclmulqdq, avx512_vaes, avx512_vnni, clflush, clflushopt, clwb, avx512_vbmi2, avx512_vbmi, hv, rdtscp, rdpid, fsrm, gfni, avx512_bitalg, f16c, cet_ibt, cet_ss, avx512_ifma
Processor Information for processor 0
  Max Mhz: 2401, Current Mhz: 1100, Mhz Limit: 2401
Processor Information for processor 1
  Max Mhz: 2401, Current Mhz: 2401, Mhz Limit: 2401
Processor Information for processor 2
  Max Mhz: 2401, Current Mhz: 2401, Mhz Limit: 2401
Processor Information for processor 3
  Max Mhz: 2401, Current Mhz: 2401, Mhz Limit: 2401
Processor Information for processor 4
  Max Mhz: 2401, Current Mhz: 2401, Mhz Limit: 2401
Processor Information for processor 5
  Max Mhz: 2401, Current Mhz: 2401, Mhz Limit: 2401
Processor Information for processor 6
  Max Mhz: 2401, Current Mhz: 2401, Mhz Limit: 2401
Processor Information for processor 7
  Max Mhz: 2401, Current Mhz: 1100, Mhz Limit: 2401

Memory: 4k page, system-wide physical 7834M (338M free)
TotalPageFile size 31386M (AvailPageFile size 0M)
current process WorkingSet (physical memory assigned to process): 8M, peak: 866M
current process commit charge ("private bytes"): 908M, peak: 1778M

vm_info: OpenJDK 64-Bit Server VM (21.0.8+9-LTS) for windows-amd64 JRE (21.0.8+9-LTS), built on 2025-07-15T00:00:00Z by "admin" with MS VC++ 17.7 (VS2022)

END.
